═══ project-tree ═══
                                                                    
  ╭──────────────────────────────────────────────────────────────╮  
  │ Projects                                                     │  
  │                                                              │  
  │                                                              │  
  │       slug              display name        obs    open   ev │  
  │ › ⌄ ▲ acme              Acme Corp           42     1      1  │  
  │     ⊞   acme-api        Acme API            18     1      4  │  
  │     ◆   acme-web        Acme Web            7      0      2  │  
  │                                                              │  
  │   j/k move • g/G top/bottom • space fold • enter open • …    │  
  ╰──────────────────────────────────────────────────────────────╯  
                                                                    
═══ project-tree-filtered ═══
                                                                    
  ╭──────────────────────────────────────────────────────────────╮  
  │ Projects                                                     │  
  │                                                              │  
  │ ⌕ > thunder                                                  │  
  │                                                              │  
  │       slug              display name        obs    open   ev │  
  │ › ⌄ ▲ acme              Acme Corp           42     1      1  │  
  │     ⊞   acme-api        Acme API            18     1      4  │  
  │                                                              │  
  │   j/k move • g/G top/bottom • space fold • enter open • …    │  
  ╰──────────────────────────────────────────────────────────────╯  
                                                                    
═══ home ═══
                                                                                
  [⌂0] ≣1 ✓2 ▪3 ∿4 ▤5 ⋈6 ⌘7                                                     
                                                                                
  ┌────────────────────────────────────────────────────────────┐                
  │                                                            │                
  │  · Acme Corp                                               │                
  │  42 observations   1 open tasks   1 evidence   1 runbooks  │                
  │                                                            │                
  └────────────────────────────────────────────────────────────┘                
                                                                                
                                                                                
  › recent tasks                                                                
                                                                                
    ACME-1         ◕ review     Fix the preview timeout                         
                                                                                
    latest evidence                                                             
                                                                                
    ACME-1/cold-start.png                                         attached ●    
                                                                                
    code graph                                                                  
                                                                                
    ▲ code_changed                                                              
    1284 nodes  3901 edges  17 communities                                      
    built 2026-01-14 08:00:00                                                   
                                                                                
    benchmarks                                                                  
                                                                                
    p95                    812 ms         ⇓-13.6%                               
    rps                    412 ops        ⇓-17.6%                               
  ├ acme  ✓ ACME-1  j/k move block • g/G top/bottom • enter open bl…  koi-pond  
                                                                                
═══ s3-tasks-list ═══
                                                                                  
  ⌂0 ≣1 [✓2] ▪3 ∿4 ▤5 ⋈6 ⌘7                                                       
                                                                                  
                                                                                  
    Tasks (1 shown · state: active · kind: all)                                   
                                                                                  
  › ACME-1   [bugf] review   Fix the preview timeout                              
      no branch · no PR · 1 obs · 1 evidence · updated                            
                                                                                  
    tasks 1-1 of 1                                                                
  ├ acme  ✓ ACME-1  j/k move • g/G top/bottom • enter detail • c co…  koi-pond    
                                                                                  
═══ s4-tasks-detail ═══
                                                                                 
  ⌂0 ≣1 [✓2] ▪3 ∿4 ▤5 ⋈6 ⌘7                                                      
                                                                                 
  ACME-1 — Fix the preview timeout                                               
                                                                                 
  ┌────────────────────────┐                                                     
  │                        │                                                     
  │           kind bugfix  │                                                     
  │          state review  │                                                     
  │           jira ACME-1  │                                                     
  │                        │                                                     
  └────────────────────────┘                                                     
                                                                                 
                                                                                 
    observations (1) — enter opens it in Memory                                  
                                                                                 
  › #501   [discovery ]  Root cause: preview worker pool e… 2026-01-15 09:30:00  
                                                                                 
    evidence (1) — e opens the Evidence tab                                      
                                                                                 
    ACME-1/cold-start.png                 cold start exceeds 30s ● attached      
  ├ acme  ✓ ACME-1  j/k move • enter observation • e evidence • x c…  koi-pond   
                                                                                 
═══ s5-context-pack ═══
                                                                                  
  ⌂0 ≣1 [✓2] ▪3 ∿4 ▤5 ⋈6 ⌘7                                                       
                                                                                  
  Context pack — ACME-1                                                           
                         88 chars est. · built 00:00:00                           
                                                                                  
    # Context pack: acme / ACME-1                                                 
                                                                                  
    ## Task                                                                       
    ACME-1 - bugfix - review                                                      
    Fix the preview timeout                                                       
                                                                                  
                                                                                  
    lines 1-6 of 6                                                                
  ├ acme  ✓ ACME-1  j/k scroll • c copy to clipboard • w write cont…  koi-pond    
                                                                                  
═══ s6-evidence-list ═══
                                                                                
  ⌂0 ≣1 ✓2 [▪3] ∿4 ▤5 ⋈6 ⌘7                                                     
                                                                                
                                                                                
    Evidence (1 shown · task: all · all attached states)                        
                                                                                
  ›  cold-start.png           [png] ACME-1   cold start exce… ● jira            
                                                                                
    files 1-1 of 1                                                              
  ├ acme  ✓ ACME-1  j/k move • g/G top/bottom • enter detail • c co…  koi-pond  
                                                                                
═══ s7-evidence-detail ═══
                                                                                
  ⌂0 ≣1 ✓2 [▪3] ∿4 ▤5 ⋈6 ⌘7                                                     
                                                                                
  cold-start.png                                                                
                                                                                
  ┌──────────────────────────────────────────────────────────────┐              
  │                                                              │              
  │           path /fixtures/evidence/ACME-1/cold-start.png  (…  │              
  │         sha256 aaaaaaaaaaaaaaaaaaaaaaaaaaaaaaaaaaaaaaaaaaa…  │              
  │           size unknown                                       │              
  │           kind png                                           │              
  │         proves cold start exceeds 30s                        │              
  │           task ACME-1                                        │              
  │                                                              │              
  └──────────────────────────────────────────────────────────────┘              
                                                                                
  attached_jira ● attached                                                      
  attached_conf                                                                 
       luence   not needed                                                      
                                                                                
                                                                                
    manifest.json (m)                                                           
                                                                                
                                                                                
      no manifest.json next to this file                                        
  ├ acme  ✓ ACME-1  o open with system viewer • c copy sha256 • p c…  koi-pond  
                                                                                
═══ s8-runbooks-index ═══
                                                                                
  ⌂0 ≣1 ✓2 ▪3 ∿4 [▤5] ⋈6 ⌘7                                                     
                                                                                
                                                                                
    Runbooks (this project · a toggle)                                          
                                                                                
  › RB-900  Preview endpoint returns 503 under load  acme   perfor      new ▲   
                                                                                
    runbooks 1-1 of 1                                                           
                                                                                
  ┌─────────────────────────────────────────────────────────────┐               
  │                                                             │               
  │  RB-900 · status verified · exec_count 0 · last_exec never  │               
  │  vault Runbooks/RB-900.md                                   │               
  │                                                             │               
  └─────────────────────────────────────────────────────────────┘               
                                                                                
  ├ acme  ✓ ACME-1  j/k move • g/G top/bottom • enter view • c copy…  koi-pond  
                                                                                
═══ s9-runbooks-markdown ═══
                                                                                
  ⌂0 ≣1 ✓2 ▪3 ∿4 [▤5] ⋈6 ⌘7                                                     
                                                                                
  RB-900 — Preview endpoint returns 503 under load                              
                                                    stale ▲                     
    service acme · severity · · category performance · pattern ·                
    last_verified never · automation_level · · status verified                  
                                                                                
                                                                                
     Preview endpoint returns 503 under load                                    
                                                                                
    Restart the preview worker pool and watch memory.                           
                                                                                
      func restart(pool *Pool) error {                                          
          if err := pool.Drain(); err != nil {                                  
              return fmt.Errorf("drain: %w", err)                               
          }                                                                     
          return pool.Start()                                                   
      }                                                                         
                                                                                
                                                                                
                                                                                
    lines 1-13 of 13                                                            
  ├ acme  ✓ ACME-1  j/k scroll • g/G top/bottom • e open in $EDITOR…  koi-pond  
                                                                                
═══ s10-memory ═══
                                                                                
  ⌂0 [≣1] ✓2 ▪3 ∿4 ▤5 ⋈6 ⌘7                                                     
                                                                                
  ╭──────────────────────────────────────────────────╮                          
  │         █████ █   █  ████ ████   ███  █   █      │                          
  │       ≈ █     ██  █ █     █   █ █   █ ██ ██      │                          
  │       ◈ ████  █ █ █ █  ██ ████  █████ █ █ █      │                          
  │       ≈ █     █  ██ █   █ █  █  █   █ █   █      │                          
  │         █████ █   █  ████ █   █ █   █ █   █      │                          
  │                                                  │                          
  │ engram 1.20.1-golden — An elephant never forgets │                          
  ╰──────────────────────────────────────────────────╯                          
                                                                                
                                                                                
  ┌───────────────────────────┐                                                 
  │                           │                                                 
  │        12   sessions      │                                                 
  │       348   observations  │                                                 
  │        57   prompts       │                                                 
  │         2   projects      │                                                 
  │                           │                                                 
  └───────────────────────────┘                                                 
                                                                                
    Projects                                                                    
                                                                                
    · engram                                                                    
    · acme                                                                      
                                                                                
    Actions                                                                     
                                                                                
   › Search memories                                                            
      Recent observations                                                       
      Browse sessions                                                           
      Setup agent plugin                                                        
      Cloud sync settings                                                       
      Quit                                                                      
  ├ acme  ✓ ACME-1  j/k navigate • enter select • s search • q quit   koi-pond  
                                                                                
═══ s11-cloud ═══
                                                                                
  ⌂0 ≣1 ✓2 ▪3 ∿4 ▤5 ⋈6 ⌘7                                                       
                                                                                
    Cloud sync settings                                                         
                                                                                
  ─────────────────────                                                         
                                                                                
                                                                                
   › Configure server                                                           
      View status                                                               
      Enroll projects                                                           
      Back                                                                      
  ├ acme  ✓ ACME-1  j/k navigate • enter select • esc/q back          koi-pond  
                                                                                
