═══ dashboard-loading ═══
                                                                                                                        
  [⌂0 Home] ≣1 Memory ✓2 Tasks ▪3 Evidence ∿4 Benchmarks ▤5 Runbooks ⋈6 Graph ⌘7 Settings                               
                                                                                                                        
                                                                                                                        
    No project is active. Press ctrl+p to pick one.                                                                     
  j/k move block • g/G top/bottom • enter open block • s sync graph                                           koi-pond  
                                                                                                                        
═══ dashboard ═══
                                                                                                                        
  [⌂0 Home] ≣1 Memory ✓2 Tasks ▪3 Evidence ∿4 Benchmarks ▤5 Runbooks ⋈6 Graph ⌘7 Settings                               
                                                                                                                        
                                                                                                                        
    No project is active. Press ctrl+p to pick one.                                                                     
  j/k move block • g/G top/bottom • enter open block • s sync graph                                           koi-pond  
                                                                                                                        
═══ dashboard-update-available ═══
                                                                                                                        
  [⌂0 Home] ≣1 Memory ✓2 Tasks ▪3 Evidence ∿4 Benchmarks ▤5 Runbooks ⋈6 Graph ⌘7 Settings                               
                                                                                                                        
                                                                                                                        
    No project is active. Press ctrl+p to pick one.                                                                     
  j/k move block • g/G top/bottom • enter open block • s sync graph                                           koi-pond  
                                                                                                                        
═══ dashboard-update-failed ═══
                                                                                                                        
  [⌂0 Home] ≣1 Memory ✓2 Tasks ▪3 Evidence ∿4 Benchmarks ▤5 Runbooks ⋈6 Graph ⌘7 Settings                               
                                                                                                                        
                                                                                                                        
    No project is active. Press ctrl+p to pick one.                                                                     
  j/k move block • g/G top/bottom • enter open block • s sync graph                                           koi-pond  
                                                                                                                        
═══ dashboard-with-error ═══
                                                                                                                        
  [⌂0 Home] ≣1 Memory ✓2 Tasks ▪3 Evidence ∿4 Benchmarks ▤5 Runbooks ⋈6 Graph ⌘7 Settings                               
                                                                                                                        
                                                                                                                        
    No project is active. Press ctrl+p to pick one.                                                                     
  j/k move block • g/G top/bottom • enter open block • s sync graph                                           koi-pond  
                                                                                                                        
═══ search-empty-input ═══
                                                                                                                        
  [⌂0 Home] ≣1 Memory ✓2 Tasks ▪3 Evidence ∿4 Benchmarks ▤5 Runbooks ⋈6 Graph ⌘7 Settings                               
                                                                                                                        
                                                                                                                        
    No project is active. Press ctrl+p to pick one.                                                                     
  j/k move block • g/G top/bottom • enter open block • s sync graph                                           koi-pond  
                                                                                                                        
═══ search-typed-query ═══
                                                                                                                        
  [⌂0 Home] ≣1 Memory ✓2 Tasks ▪3 Evidence ∿4 Benchmarks ▤5 Runbooks ⋈6 Graph ⌘7 Settings                               
                                                                                                                        
                                                                                                                        
    No project is active. Press ctrl+p to pick one.                                                                     
  j/k move block • g/G top/bottom • enter open block • s sync graph                                           koi-pond  
                                                                                                                        
═══ search-results ═══
                                                                                                                        
  [⌂0 Home] ≣1 Memory ✓2 Tasks ▪3 Evidence ∿4 Benchmarks ▤5 Runbooks ⋈6 Graph ⌘7 Settings                               
                                                                                                                        
                                                                                                                        
    No project is active. Press ctrl+p to pick one.                                                                     
  j/k move block • g/G top/bottom • enter open block • s sync graph                                           koi-pond  
                                                                                                                        
═══ search-results-scrolled ═══
                                                                                                                        
  [⌂0 Home] ≣1 Memory ✓2 Tasks ▪3 Evidence ∿4 Benchmarks ▤5 Runbooks ⋈6 Graph ⌘7 Settings                               
                                                                                                                        
                                                                                                                        
    No project is active. Press ctrl+p to pick one.                                                                     
  j/k move block • g/G top/bottom • enter open block • s sync graph                                           koi-pond  
                                                                                                                        
═══ search-results-empty ═══
                                                                                                                        
  [⌂0 Home] ≣1 Memory ✓2 Tasks ▪3 Evidence ∿4 Benchmarks ▤5 Runbooks ⋈6 Graph ⌘7 Settings                               
                                                                                                                        
                                                                                                                        
    No project is active. Press ctrl+p to pick one.                                                                     
  j/k move block • g/G top/bottom • enter open block • s sync graph                                           koi-pond  
                                                                                                                        
═══ recent ═══
                                                                                                                        
  [⌂0 Home] ≣1 Memory ✓2 Tasks ▪3 Evidence ∿4 Benchmarks ▤5 Runbooks ⋈6 Graph ⌘7 Settings                               
                                                                                                                        
                                                                                                                        
    No project is active. Press ctrl+p to pick one.                                                                     
  j/k move block • g/G top/bottom • enter open block • s sync graph                                           koi-pond  
                                                                                                                        
═══ recent-empty ═══
                                                                                                                        
  [⌂0 Home] ≣1 Memory ✓2 Tasks ▪3 Evidence ∿4 Benchmarks ▤5 Runbooks ⋈6 Graph ⌘7 Settings                               
                                                                                                                        
                                                                                                                        
    No project is active. Press ctrl+p to pick one.                                                                     
  j/k move block • g/G top/bottom • enter open block • s sync graph                                           koi-pond  
                                                                                                                        
═══ recent-copy-feedback ═══
                                                                                                                        
  [⌂0 Home] ≣1 Memory ✓2 Tasks ▪3 Evidence ∿4 Benchmarks ▤5 Runbooks ⋈6 Graph ⌘7 Settings                               
                                                                                                                        
                                                                                                                        
    No project is active. Press ctrl+p to pick one.                                                                     
  j/k move block • g/G top/bottom • enter open block • s sync graph                                           koi-pond  
                                                                                                                        
═══ observation-detail-loading ═══
                                                                                                                        
  [⌂0 Home] ≣1 Memory ✓2 Tasks ▪3 Evidence ∿4 Benchmarks ▤5 Runbooks ⋈6 Graph ⌘7 Settings                               
                                                                                                                        
                                                                                                                        
    No project is active. Press ctrl+p to pick one.                                                                     
  j/k move block • g/G top/bottom • enter open block • s sync graph                                           koi-pond  
                                                                                                                        
═══ observation-detail ═══
                                                                                                                        
  [⌂0 Home] ≣1 Memory ✓2 Tasks ▪3 Evidence ∿4 Benchmarks ▤5 Runbooks ⋈6 Graph ⌘7 Settings                               
                                                                                                                        
                                                                                                                        
    No project is active. Press ctrl+p to pick one.                                                                     
  j/k move block • g/G top/bottom • enter open block • s sync graph                                           koi-pond  
                                                                                                                        
═══ observation-detail-scrolled ═══
                                                                                                                        
  [⌂0 Home] ≣1 Memory ✓2 Tasks ▪3 Evidence ∿4 Benchmarks ▤5 Runbooks ⋈6 Graph ⌘7 Settings                               
                                                                                                                        
                                                                                                                        
    No project is active. Press ctrl+p to pick one.                                                                     
  j/k move block • g/G top/bottom • enter open block • s sync graph                                           koi-pond  
                                                                                                                        
═══ timeline-loading ═══
                                                                                                                        
  [⌂0 Home] ≣1 Memory ✓2 Tasks ▪3 Evidence ∿4 Benchmarks ▤5 Runbooks ⋈6 Graph ⌘7 Settings                               
                                                                                                                        
                                                                                                                        
    No project is active. Press ctrl+p to pick one.                                                                     
  j/k move block • g/G top/bottom • enter open block • s sync graph                                           koi-pond  
                                                                                                                        
═══ timeline ═══
                                                                                                                        
  [⌂0 Home] ≣1 Memory ✓2 Tasks ▪3 Evidence ∿4 Benchmarks ▤5 Runbooks ⋈6 Graph ⌘7 Settings                               
                                                                                                                        
                                                                                                                        
    No project is active. Press ctrl+p to pick one.                                                                     
  j/k move block • g/G top/bottom • enter open block • s sync graph                                           koi-pond  
                                                                                                                        
═══ sessions ═══
                                                                                                                        
  [⌂0 Home] ≣1 Memory ✓2 Tasks ▪3 Evidence ∿4 Benchmarks ▤5 Runbooks ⋈6 Graph ⌘7 Settings                               
                                                                                                                        
                                                                                                                        
    No project is active. Press ctrl+p to pick one.                                                                     
  j/k move block • g/G top/bottom • enter open block • s sync graph                                           koi-pond  
                                                                                                                        
═══ sessions-empty ═══
                                                                                                                        
  [⌂0 Home] ≣1 Memory ✓2 Tasks ▪3 Evidence ∿4 Benchmarks ▤5 Runbooks ⋈6 Graph ⌘7 Settings                               
                                                                                                                        
                                                                                                                        
    No project is active. Press ctrl+p to pick one.                                                                     
  j/k move block • g/G top/bottom • enter open block • s sync graph                                           koi-pond  
                                                                                                                        
═══ sessions-delete-prompt ═══
                                                                                                                        
  [⌂0 Home] ≣1 Memory ✓2 Tasks ▪3 Evidence ∿4 Benchmarks ▤5 Runbooks ⋈6 Graph ⌘7 Settings                               
                                                                                                                        
                                                                                                                        
    No project is active. Press ctrl+p to pick one.                                                                     
  j/k move block • g/G top/bottom • enter open block • s sync graph                                           koi-pond  
                                                                                                                        
═══ sessions-deleting ═══
                                                                                                                        
  [⌂0 Home] ≣1 Memory ✓2 Tasks ▪3 Evidence ∿4 Benchmarks ▤5 Runbooks ⋈6 Graph ⌘7 Settings                               
                                                                                                                        
                                                                                                                        
    No project is active. Press ctrl+p to pick one.                                                                     
  j/k move block • g/G top/bottom • enter open block • s sync graph                                           koi-pond  
                                                                                                                        
═══ session-detail ═══
                                                                                                                        
  [⌂0 Home] ≣1 Memory ✓2 Tasks ▪3 Evidence ∿4 Benchmarks ▤5 Runbooks ⋈6 Graph ⌘7 Settings                               
                                                                                                                        
                                                                                                                        
    No project is active. Press ctrl+p to pick one.                                                                     
  j/k move block • g/G top/bottom • enter open block • s sync graph                                           koi-pond  
                                                                                                                        
═══ session-detail-empty ═══
                                                                                                                        
  [⌂0 Home] ≣1 Memory ✓2 Tasks ▪3 Evidence ∿4 Benchmarks ▤5 Runbooks ⋈6 Graph ⌘7 Settings                               
                                                                                                                        
                                                                                                                        
    No project is active. Press ctrl+p to pick one.                                                                     
  j/k move block • g/G top/bottom • enter open block • s sync graph                                           koi-pond  
                                                                                                                        
═══ session-detail-not-found ═══
                                                                                                                        
  [⌂0 Home] ≣1 Memory ✓2 Tasks ▪3 Evidence ∿4 Benchmarks ▤5 Runbooks ⋈6 Graph ⌘7 Settings                               
                                                                                                                        
                                                                                                                        
    No project is active. Press ctrl+p to pick one.                                                                     
  j/k move block • g/G top/bottom • enter open block • s sync graph                                           koi-pond  
                                                                                                                        
═══ setup-select ═══
                                                                                                                        
  [⌂0 Home] ≣1 Memory ✓2 Tasks ▪3 Evidence ∿4 Benchmarks ▤5 Runbooks ⋈6 Graph ⌘7 Settings                               
                                                                                                                        
                                                                                                                        
    No project is active. Press ctrl+p to pick one.                                                                     
  j/k move block • g/G top/bottom • enter open block • s sync graph                                           koi-pond  
                                                                                                                        
═══ setup-installing-opencode ═══
                                                                                                                        
  [⌂0 Home] ≣1 Memory ✓2 Tasks ▪3 Evidence ∿4 Benchmarks ▤5 Runbooks ⋈6 Graph ⌘7 Settings                               
                                                                                                                        
                                                                                                                        
    No project is active. Press ctrl+p to pick one.                                                                     
  j/k move block • g/G top/bottom • enter open block • s sync graph                                           koi-pond  
                                                                                                                        
═══ setup-installing-claude-code ═══
                                                                                                                        
  [⌂0 Home] ≣1 Memory ✓2 Tasks ▪3 Evidence ∿4 Benchmarks ▤5 Runbooks ⋈6 Graph ⌘7 Settings                               
                                                                                                                        
                                                                                                                        
    No project is active. Press ctrl+p to pick one.                                                                     
  j/k move block • g/G top/bottom • enter open block • s sync graph                                           koi-pond  
                                                                                                                        
═══ setup-allowlist-prompt ═══
                                                                                                                        
  [⌂0 Home] ≣1 Memory ✓2 Tasks ▪3 Evidence ∿4 Benchmarks ▤5 Runbooks ⋈6 Graph ⌘7 Settings                               
                                                                                                                        
                                                                                                                        
    No project is active. Press ctrl+p to pick one.                                                                     
  j/k move block • g/G top/bottom • enter open block • s sync graph                                           koi-pond  
                                                                                                                        
═══ setup-done-opencode ═══
                                                                                                                        
  [⌂0 Home] ≣1 Memory ✓2 Tasks ▪3 Evidence ∿4 Benchmarks ▤5 Runbooks ⋈6 Graph ⌘7 Settings                               
                                                                                                                        
                                                                                                                        
    No project is active. Press ctrl+p to pick one.                                                                     
  j/k move block • g/G top/bottom • enter open block • s sync graph                                           koi-pond  
                                                                                                                        
═══ setup-done-claude-allowlisted ═══
                                                                                                                        
  [⌂0 Home] ≣1 Memory ✓2 Tasks ▪3 Evidence ∿4 Benchmarks ▤5 Runbooks ⋈6 Graph ⌘7 Settings                               
                                                                                                                        
                                                                                                                        
    No project is active. Press ctrl+p to pick one.                                                                     
  j/k move block • g/G top/bottom • enter open block • s sync graph                                           koi-pond  
                                                                                                                        
═══ setup-done-claude-allowlist-error ═══
                                                                                                                        
  [⌂0 Home] ≣1 Memory ✓2 Tasks ▪3 Evidence ∿4 Benchmarks ▤5 Runbooks ⋈6 Graph ⌘7 Settings                               
                                                                                                                        
                                                                                                                        
    No project is active. Press ctrl+p to pick one.                                                                     
  j/k move block • g/G top/bottom • enter open block • s sync graph                                           koi-pond  
                                                                                                                        
═══ setup-failed ═══
                                                                                                                        
  [⌂0 Home] ≣1 Memory ✓2 Tasks ▪3 Evidence ∿4 Benchmarks ▤5 Runbooks ⋈6 Graph ⌘7 Settings                               
                                                                                                                        
                                                                                                                        
    No project is active. Press ctrl+p to pick one.                                                                     
  j/k move block • g/G top/bottom • enter open block • s sync graph                                           koi-pond  
                                                                                                                        
═══ cloud-settings ═══
                                                                                                                        
  ⌂0 Home ≣1 Memory ✓2 Tasks ▪3 Evidence ∿4 Benchmarks ▤5 Runbooks ⋈6 Graph ⌘7 Settings                                 
                                                                                                                        
    Cloud sync settings                                                                                                 
                                                                                                                        
  ─────────────────────                                                                                                 
                                                                                                                        
                                                                                                                        
      Configure server                                                                                                  
      View status                                                                                                       
   › Enroll projects                                                                                                    
      Back                                                                                                              
  j/k navigate • enter select • esc/q back                                                                    koi-pond  
                                                                                                                        
═══ unknown-screen ═══
                                                                                                                        
  [⌂0 Home] ≣1 Memory ✓2 Tasks ▪3 Evidence ∿4 Benchmarks ▤5 Runbooks ⋈6 Graph ⌘7 Settings                               
                                                                                                                        
                                                                                                                        
    No project is active. Press ctrl+p to pick one.                                                                     
  j/k move block • g/G top/bottom • enter open block • s sync graph                                           koi-pond  
                                                                                                                        
