═══ dashboard-loading ═══
                                                                                
  0  [1]  2  3  4  5                                                            
                                                                                
  ╭──────────────────────────────────────────────────╮                          
  │         █████ █   █  ████ ████   ███  █   █      │                          
  │       ≈ █     ██  █ █     █   █ █   █ ██ ██      │                          
  │       ◈ ████  █ █ █ █  ██ ████  █████ █ █ █      │                          
  │       ≈ █     █  ██ █   █ █  █  █   █ █   █      │                          
  │         █████ █   █  ████ █   █ █   █ █   █      │                          
  │                                                  │                          
  │ engram 1.20.1-golden — An elephant never forgets │                          
  ╰──────────────────────────────────────────────────╯                          
                                                                                
                                                                                
  ┌────────────────────┐                                                        
  │                    │                                                        
  │  Loading stats...  │                                                        
  │                    │                                                        
  └────────────────────┘                                                        
                                                                                
    Actions                                                                     
                                                                                
   ▸ Search memories                                                            
      Recent observations                                                       
      Browse sessions                                                           
      Setup agent plugin                                                        
      Cloud sync settings                                                       
      Quit                                                                      
  j/k navigate • enter select • s search • q quit                     koi-pond  
                                                                                
═══ dashboard ═══
                                                                                
  0  [1]  2  3  4  5                                                            
                                                                                
  ╭──────────────────────────────────────────────────╮                          
  │         █████ █   █  ████ ████   ███  █   █      │                          
  │       ≈ █     ██  █ █     █   █ █   █ ██ ██      │                          
  │       ◈ ████  █ █ █ █  ██ ████  █████ █ █ █      │                          
  │       ≈ █     █  ██ █   █ █  █  █   █ █   █      │                          
  │         █████ █   █  ████ █   █ █   █ █   █      │                          
  │                                                  │                          
  │ engram 1.20.1-golden — An elephant never forgets │                          
  ╰──────────────────────────────────────────────────╯                          
                                                                                
                                                                                
  ┌───────────────────────────┐                                                 
  │                           │                                                 
  │        12   sessions      │                                                 
  │       348   observations  │                                                 
  │        57   prompts       │                                                 
  │         6   projects      │                                                 
  │                           │                                                 
  └───────────────────────────┘                                                 
                                                                                
    Projects                                                                    
                                                                                
    • engram                                                                    
    • clarodrive                                                                
    • middleware                                                                
    • portal                                                                    
    • lookup                                                                    
      ...and 1 more projects                                                    
                                                                                
    Actions                                                                     
                                                                                
      Search memories                                                           
   ▸ Recent observations                                                        
      Browse sessions                                                           
      Setup agent plugin                                                        
      Cloud sync settings                                                       
      Quit                                                                      
  j/k navigate • enter select • s search • q quit                     koi-pond  
                                                                                
═══ dashboard-update-available ═══
                                                                                
  0  [1]  2  3  4  5                                                            
                                                                                
  ╭──────────────────────────────────────────────────╮                          
  │         █████ █   █  ████ ████   ███  █   █      │                          
  │       ≈ █     ██  █ █     █   █ █   █ ██ ██      │                          
  │       ◈ ████  █ █ █ █  ██ ████  █████ █ █ █      │                          
  │       ≈ █     █  ██ █   █ █  █  █   █ █   █      │                          
  │         █████ █   █  ████ █   █ █   █ █   █      │                          
  │                                                  │                          
  │ engram 1.20.1-golden — An elephant never forgets │                          
  ╰──────────────────────────────────────────────────╯                          
                                                                                
                                                                                
   Update available: 1.20.1 -> 1.21.0                                           
                                                                                
  ┌───────────────────────────┐                                                 
  │                           │                                                 
  │        12   sessions      │                                                 
  │       348   observations  │                                                 
  │        57   prompts       │                                                 
  │         6   projects      │                                                 
  │                           │                                                 
  └───────────────────────────┘                                                 
                                                                                
    Projects                                                                    
                                                                                
    • engram                                                                    
    • clarodrive                                                                
    • middleware                                                                
    • portal                                                                    
    • lookup                                                                    
      ...and 1 more projects                                                    
                                                                                
    Actions                                                                     
                                                                                
   ▸ Search memories                                                            
      Recent observations                                                       
      Browse sessions                                                           
      Setup agent plugin                                                        
      Cloud sync settings                                                       
      Quit                                                                      
  j/k navigate • enter select • s search • q quit                     koi-pond  
                                                                                
═══ dashboard-update-failed ═══
                                                                                
  0  [1]  2  3  4  5                                                            
                                                                                
  ╭──────────────────────────────────────────────────╮                          
  │         █████ █   █  ████ ████   ███  █   █      │                          
  │       ≈ █     ██  █ █     █   █ █   █ ██ ██      │                          
  │       ◈ ████  █ █ █ █  ██ ████  █████ █ █ █      │                          
  │       ≈ █     █  ██ █   █ █  █  █   █ █   █      │                          
  │         █████ █   █  ████ █   █ █   █ █   █      │                          
  │                                                  │                          
  │ engram 1.20.1-golden — An elephant never forgets │                          
  ╰──────────────────────────────────────────────────╯                          
                                                                                
                                                                                
   Could not check for updates: GitHub took too long to respond.                
                                                                                
  ┌───────────────────────────┐                                                 
  │                           │                                                 
  │        12   sessions      │                                                 
  │       348   observations  │                                                 
  │        57   prompts       │                                                 
  │         6   projects      │                                                 
  │                           │                                                 
  └───────────────────────────┘                                                 
                                                                                
    Projects                                                                    
                                                                                
    • engram                                                                    
    • clarodrive                                                                
    • middleware                                                                
    • portal                                                                    
    • lookup                                                                    
      ...and 1 more projects                                                    
                                                                                
    Actions                                                                     
                                                                                
   ▸ Search memories                                                            
      Recent observations                                                       
      Browse sessions                                                           
      Setup agent plugin                                                        
      Cloud sync settings                                                       
      Quit                                                                      
  j/k navigate • enter select • s search • q quit                     koi-pond  
                                                                                
═══ dashboard-with-error ═══
                                                                                
  0  [1]  2  3  4  5                                                            
                                                                                
  ╭──────────────────────────────────────────────────╮                          
  │         █████ █   █  ████ ████   ███  █   █      │                          
  │       ≈ █     ██  █ █     █   █ █   █ ██ ██      │                          
  │       ◈ ████  █ █ █ █  ██ ████  █████ █ █ █      │                          
  │       ≈ █     █  ██ █   █ █  █  █   █ █   █      │                          
  │         █████ █   █  ████ █   █ █   █ █   █      │                          
  │                                                  │                          
  │ engram 1.20.1-golden — An elephant never forgets │                          
  ╰──────────────────────────────────────────────────╯                          
                                                                                
                                                                                
  ┌───────────────────────────┐                                                 
  │                           │                                                 
  │        12   sessions      │                                                 
  │       348   observations  │                                                 
  │        57   prompts       │                                                 
  │         6   projects      │                                                 
  │                           │                                                 
  └───────────────────────────┘                                                 
                                                                                
    Projects                                                                    
                                                                                
    • engram                                                                    
    • clarodrive                                                                
    • middleware                                                                
    • portal                                                                    
    • lookup                                                                    
      ...and 1 more projects                                                    
                                                                                
    Actions                                                                     
                                                                                
   ▸ Search memories                                                            
      Recent observations                                                       
      Browse sessions                                                           
      Setup agent plugin                                                        
      Cloud sync settings                                                       
      Quit                                                                      
                                                                                
   Error: database is locked                                                    
  j/k navigate • enter select • s search • q quit                     koi-pond  
                                                                                
═══ search-empty-input ═══
                                                                                
  0  [1]  2  3  4  5                                                            
                                                                                
    Search Memories                                                             
                                                                                
  ─────────────────                                                             
                                                                                
                                                                                
  ┌──────────────────────────────────────────────────────────────┐              
  │ > Search memories...                                         │              
  └──────────────────────────────────────────────────────────────┘              
                                                                                
  enter search • esc back                                             koi-pond  
                                                                                
═══ search-typed-query ═══
                                                                                
  0  [1]  2  3  4  5                                                            
                                                                                
    Search Memories                                                             
                                                                                
  ─────────────────                                                             
                                                                                
                                                                                
  ┌─────────────────────────────────────────────────────────────────┐           
  │ > wal mode                                                      │           
  └─────────────────────────────────────────────────────────────────┘           
                                                                                
  enter search • esc back                                             koi-pond  
                                                                                
═══ search-results ═══
                                                                                                                        
  0  [1]  2  3  4  5                                                                                                    
                                                                                                                        
    Search: "wal" — 4 results                                                                                           
                                                                                                                        
  ───────────────────────────                                                                                           
                                                                                                                        
    #101   [decision    ]   Adopt WAL mode for the local store  engram  2026-01-15 09:30:00                             
      SQLite WAL keeps readers unblocked while the MCP server writes.                                                   
  ▸ #102   [bugfix      ] [needs_review]  Session delete refused when observations remain  engram  2026-01-15 10:05:00  
      Guard the delete path so orphan observations cannot appear.                                                       
    #103   [pattern     ] [pinned]   Two-line list item  clarodrive  2026-01-15 11:45:00                                
      Header line carries id, type and badges; preview carries content.                                                 
    #104   [note        ]   Golden files are the refactor oracle  2026-01-16 08:00:00                                   
      Rendered bytes must survive a package move untouched.                                                             
  j/k navigate • g/G top/bottom • enter detail • c copy • t timelin…  koi-pond                                          
                                                                                                                        
═══ search-results-scrolled ═══
                                                                                                                         
  0  [1]  2  3  4  5                                                                                                     
                                                                                                                         
    Search: "wal" — 4 results                                                                                            
                                                                                                                         
  ───────────────────────────                                                                                            
                                                                                                                         
    #102   [bugfix      ] [needs_review]   Session delete refused when observations remain  engram  2026-01-15 10:05:00  
      Guard the delete path so orphan observations cannot appear.                                                        
    #103   [pattern     ] [pinned]   Two-line list item  clarodrive  2026-01-15 11:45:00                                 
      Header line carries id, type and badges; preview carries content.                                                  
  ▸ #104   [note        ]  Golden files are the refactor oracle  2026-01-16 08:00:00                                     
      Rendered bytes must survive a package move untouched.                                                              
  j/k navigate • g/G top/bottom • enter detail • c copy • t timelin…  koi-pond                                           
                                                                                                                         
═══ search-results-empty ═══
                                                                                
  0  [1]  2  3  4  5                                                            
                                                                                
    Search: "no-such-thing" — 0 results                                         
                                                                                
  ─────────────────────────────────────                                         
                                                                                
                                                                                
    No memories found. Try a different query.                                   
  j/k navigate • g/G top/bottom • enter detail • c copy • t timelin…  koi-pond  
                                                                                
═══ recent ═══
                                                                                                                         
  0  [1]  2  3  4  5                                                                                                     
                                                                                                                         
    Recent Observations — 4 total                                                                                        
                                                                                                                         
  ───────────────────────────────                                                                                        
                                                                                                                         
    #101   [decision    ]   Adopt WAL mode for the local store  engram  2026-01-15 09:30:00                              
      SQLite WAL keeps readers unblocked while the MCP server writes.                                                    
    #102   [bugfix      ] [needs_review]   Session delete refused when observations remain  engram  2026-01-15 10:05:00  
      Guard the delete path so orphan observations cannot appear.                                                        
  ▸ #103   [pattern     ] [pinned]  Two-line list item  clarodrive  2026-01-15 11:45:00                                  
      Header line carries id, type and badges; preview carries content.                                                  
    #104   [note        ]   Golden files are the refactor oracle  2026-01-16 08:00:00                                    
      Rendered bytes must survive a package move untouched.                                                              
  j/k navigate • g/G top/bottom • enter detail • c copy • t timelin…  koi-pond                                           
                                                                                                                         
═══ recent-empty ═══
                                                                                
  0  [1]  2  3  4  5                                                            
                                                                                
    Recent Observations — 0 total                                               
                                                                                
  ───────────────────────────────                                               
                                                                                
                                                                                
    No observations yet.                                                        
  j/k navigate • g/G top/bottom • enter detail • c copy • t timelin…  koi-pond  
                                                                                
═══ recent-copy-feedback ═══
                                                                                                                         
  0  [1]  2  3  4  5                                                                                                     
                                                                                                                         
    Recent Observations — 4 total                                                                                        
                                                                                                                         
  ───────────────────────────────                                                                                        
                                                                                                                         
  ▸ #101   [decision    ]  Adopt WAL mode for the local store  engram  2026-01-15 09:30:00                               
      SQLite WAL keeps readers unblocked while the MCP server writes.                                                    
    #102   [bugfix      ] [needs_review]   Session delete refused when observations remain  engram  2026-01-15 10:05:00  
      Guard the delete path so orphan observations cannot appear.                                                        
    #103   [pattern     ] [pinned]   Two-line list item  clarodrive  2026-01-15 11:45:00                                 
      Header line carries id, type and badges; preview carries content.                                                  
    #104   [note        ]   Golden files are the refactor oracle  2026-01-16 08:00:00                                    
      Rendered bytes must survive a package move untouched.                                                              
                                                                                                                         
   ✓ Copied!                                                                                                             
  j/k navigate • g/G top/bottom • enter detail • c copy • t timelin…  koi-pond                                           
                                                                                                                         
═══ observation-detail-loading ═══
                                                                                
  0  [1]  2  3  4  5                                                            
                                                                                
    Observation Detail                                                          
                                                                                
  ────────────────────                                                          
                                                                                
                                                                                
    Loading...                                                                  
  j/k scroll • c copy • t timeline • L link to task • esc/q back      koi-pond  
                                                                                
═══ observation-detail ═══
                                                                                
  0  [1]  2  3  4  5                                                            
                                                                                
    Observation #102                                                            
                                                                                
  ──────────────────                                                            
                                                                                
          Type:  bugfix                                                         
         Title:  Session delete refused when observations remain                
       Session:  session-alpha                                                  
       Created:  2026-01-15 10:05:00                                            
         State:  needs_review                                                   
        Pinned:  false                                                          
        Review:  2026-03-01                                                     
          Tool:  Bash                                                           
       Project:  engram                                                         
                                                                                
                                                                                
    Content                                                                     
                                                                                
    Guard the delete path so orphan observations cannot appear. Guard the       
    delete path so orphan observations cannot appear. Guard the delete path     
    so orphan observations cannot appear. Guard the delete path so orphan       
    observations cannot appear. Guard the delete path so orphan observations    
    cannot appear. Guard the delete path so orphan observations cannot          
    appear.                                                                     
  j/k scroll • c copy • t timeline • L link to task • esc/q back      koi-pond  
                                                                                
═══ observation-detail-scrolled ═══
                                                                                
  0  [1]  2  3  4  5                                                            
                                                                                
    Observation #102                                                            
                                                                                
  ──────────────────                                                            
                                                                                
          Type:  bugfix                                                         
         Title:  Session delete refused when observations remain                
       Session:  session-alpha                                                  
       Created:  2026-01-15 10:05:00                                            
         State:  needs_review                                                   
        Pinned:  false                                                          
        Review:  2026-03-01                                                     
       Project:  engram                                                         
                                                                                
                                                                                
    Content                                                                     
                                                                                
    Guard the delete path so orphan observations cannot appear. Guard the       
    delete path so orphan observations cannot appear. Guard the delete path     
    so orphan observations cannot appear. Guard the delete path so orphan       
    observations cannot appear. Guard the delete path so orphan observations    
    cannot appear. Guard the delete path so orphan observations cannot          
    appear.                                                                     
  j/k scroll • c copy • t timeline • L link to task • esc/q back      koi-pond  
                                                                                
═══ timeline-loading ═══
                                                                                
  0  [1]  2  3  4  5                                                            
                                                                                
    Timeline                                                                    
                                                                                
  ──────────                                                                    
                                                                                
                                                                                
    Loading...                                                                  
  j/k scroll • esc/q back                                             koi-pond  
                                                                                
═══ timeline ═══
                                                                                    
  0  [1]  2  3  4  5                                                                
                                                                                    
    Timeline — Observation #102 (3 total in session)                                
                                                                                    
  ──────────────────────────────────────────────────                                
                                                                                    
         Session:  session-alpha       Project:  engram                             
                                                                                    
                                                                                    
    Before                                                                          
                                                                                    
    │ #101  [decision    ]    Adopt WAL mode for the local store                    
    │                                                                               
  ┌──────────────────────────────────────────────────────────────────────────────┐  
  │   #102 [bugfix]  Session delete refused when observations remain             │  
  │     Guard the delete path so orphan observations cannot appear in the store. │  
  └──────────────────────────────────────────────────────────────────────────────┘  
    │                                                                               
                                                                                    
    After                                                                           
                                                                                    
    │ #103  [pattern     ]    Two-line list item                                    
  j/k scroll • esc/q back                                             koi-pond      
                                                                                    
═══ sessions ═══
                                                                                                     
  0  [1]  2  3  4  5                                                                                 
                                                                                                     
    Sessions — 4 total                                                                               
                                                                                                     
  ────────────────────                                                                               
                                                                                                     
    engram                2026-01-15 09:00:00         8 obs    Refactored the TUI into tab packages  
  ▸ clarodrive            2026-01-16 07:40:00         3 obs                                          
    middleware            2026-01-17 12:15:00        11 obs    Traced the recovery lookup            
    portal                2026-01-18 16:20:00         1 obs                                          
  j/k navigate • g/G top/bottom • enter view session • d delete • e…  koi-pond                       
                                                                                                     
═══ sessions-empty ═══
                                                                                
  0  [1]  2  3  4  5                                                            
                                                                                
    Sessions — 0 total                                                          
                                                                                
  ────────────────────                                                          
                                                                                
                                                                                
    No sessions yet.                                                            
  j/k navigate • g/G top/bottom • enter view session • d delete • e…  koi-pond  
                                                                                
═══ sessions-delete-prompt ═══
                                                                                      
  0  [1]  2  3  4  5                                                                  
                                                                                      
    Sessions — 4 total                                                                
                                                                                      
  ────────────────────                                                                
                                                                                      
                                                                                      
                                                                                      
    Confirm Session Delete                                                            
                                                                                      
                                                                                      
      Delete session "session-beta" from project "clarodrive"?                        
    Sessions with observations cannot be deleted; Engram will refuse unsafe deletes.  
  y delete • n/esc cancel                                             koi-pond        
                                                                                      
═══ sessions-deleting ═══
                                                                                
  0  [1]  2  3  4  5                                                            
                                                                                
    Sessions — 4 total                                                          
                                                                                
  ────────────────────                                                          
                                                                                
                                                                                
                                                                                
    Deleting Session                                                            
                                                                                
                                                                                
      Deleting session "session-beta"...                                        
  j/k navigate • g/G top/bottom • enter view session • d delete • e…  koi-pond  
                                                                                
═══ session-detail ═══
                                                                                                                        
  0  [1]  2  3  4  5                                                                                                    
                                                                                                                        
    Session: engram — 2026-01-15 09:00:00                                                                               
                                                                                                                        
  ───────────────────────────────────────                                                                               
                                                                                                                        
         Summary:  Refactored the TUI into tab packages                                                                 
                                                                                                                        
                                                                                                                        
    Observations (4)                                                                                                    
                                                                                                                        
    #101   [decision    ]   Adopt WAL mode for the local store  engram  2026-01-15 09:30:00                             
      SQLite WAL keeps readers unblocked while the MCP server writes.                                                   
  ▸ #102   [bugfix      ] [needs_review]  Session delete refused when observations remain  engram  2026-01-15 10:05:00  
      Guard the delete path so orphan observations cannot appear.                                                       
    #103   [pattern     ] [pinned]   Two-line list item  clarodrive  2026-01-15 11:45:00                                
      Header line carries id, type and badges; preview carries content.                                                 
    #104   [note        ]   Golden files are the refactor oracle  2026-01-16 08:00:00                                   
      Rendered bytes must survive a package move untouched.                                                             
  j/k navigate • enter detail • c copy • t timeline • esc/q back      koi-pond                                          
                                                                                                                        
═══ session-detail-empty ═══
                                                                                
  0  [1]  2  3  4  5                                                            
                                                                                
    Session: clarodrive — 2026-01-16 07:40:00                                   
                                                                                
  ───────────────────────────────────────────                                   
                                                                                
                                                                                
    Observations (0)                                                            
                                                                                
                                                                                
    No observations in this session.                                            
  j/k navigate • enter detail • c copy • t timeline • esc/q back      koi-pond  
                                                                                
═══ session-detail-not-found ═══
                                                                                
  0  [1]  2  3  4  5                                                            
                                                                                
    Session Detail                                                              
                                                                                
  ────────────────                                                              
                                                                                
                                                                                
    Session not found.                                                          
  j/k navigate • enter detail • c copy • t timeline • esc/q back      koi-pond  
                                                                                
═══ setup-select ═══
                                                                                
  0  [1]  2  3  4  5                                                            
                                                                                
    Setup — Install Agent Plugin                                                
                                                                                
  ──────────────────────────────                                                
                                                                                
                                                                                
    Select an agent to set up                                                   
                                                                                
                                                                                
   ▸ Claude Code                                                                
          Install to:  /Users/dev/.claude/plugins                               
                                                                                
      OpenCode                                                                  
          Install to:  /Users/dev/.config/opencode/plugins                      
  j/k navigate • enter install • esc/q back                           koi-pond  
                                                                                
═══ setup-installing-opencode ═══
                                                                                
  0  [1]  2  3  4  5                                                            
                                                                                
    Setup — Install Agent Plugin                                                
                                                                                
  ──────────────────────────────                                                
                                                                                
                                                                                
    ⣾  Installing opencode plugin...                                            
                                                                                
    Copying plugin file to plugins directory                                    
  j/k navigate • enter install • esc/q back                           koi-pond  
                                                                                
═══ setup-installing-claude-code ═══
                                                                                
  0  [1]  2  3  4  5                                                            
                                                                                
    Setup — Install Agent Plugin                                                
                                                                                
  ──────────────────────────────                                                
                                                                                
                                                                                
    ⣾  Installing claude-code plugin...                                         
                                                                                
    Running claude plugin marketplace add + install                             
  j/k navigate • enter install • esc/q back                           koi-pond  
                                                                                
═══ setup-allowlist-prompt ═══
                                                                                
  0  [1]  2  3  4  5                                                            
                                                                                
    Setup — Install Agent Plugin                                                
                                                                                
  ──────────────────────────────                                                
                                                                                
                                                                                
    ✓ Installed claude-code plugin                                              
                                                                                
                                                                                
    Permissions Allowlist                                                       
                                                                                
                                                                                
      Add engram tools to ~/.claude/settings.json allowlist?                    
    This prevents Claude Code from asking permission on every tool call.        
  y allowlist • n/esc skip                                            koi-pond  
                                                                                
═══ setup-done-opencode ═══
                                                                                
  0  [1]  2  3  4  5                                                            
                                                                                
    Setup — Install Agent Plugin                                                
                                                                                
  ──────────────────────────────                                                
                                                                                
    ✓ Installed opencode plugin (2 files)                                       
        Location:  /Users/dev/.config/opencode/plugins                          
                                                                                
                                                                                
    Next Steps                                                                  
                                                                                
    1. Restart OpenCode                                                         
    2. Plugin is auto-loaded from ~/.config/opencode/plugins/                   
    3. Make sure 'engram' is in your MCP config (opencode.json)                 
  esc/q/enter back to dashboard                                       koi-pond  
                                                                                
═══ setup-done-claude-allowlisted ═══
                                                                                
  0  [1]  2  3  4  5                                                            
                                                                                
    Setup — Install Agent Plugin                                                
                                                                                
  ──────────────────────────────                                                
                                                                                
    ✓ Installed claude-code plugin                                              
        Location:  claude plugin system                                         
                                                                                
                                                                                
    Next Steps                                                                  
                                                                                
    ✓   Engram tools added to allowlist                                         
    1. Restart Claude Code — the plugin is active immediately                   
    2. Verify with: claude plugin list                                          
  esc/q/enter back to dashboard                                       koi-pond  
                                                                                
═══ setup-done-claude-allowlist-error ═══
                                                                                
  0  [1]  2  3  4  5                                                            
                                                                                
    Setup — Install Agent Plugin                                                
                                                                                
  ──────────────────────────────                                                
                                                                                
    ✓ Installed claude-code plugin                                              
        Location:  claude plugin system                                         
                                                                                
                                                                                
    Next Steps                                                                  
                                                                                
    ✗   Allowlist update failed: permission denied                              
      Add manually to permissions.allow in ~/.claude/settings.json              
    1. Restart Claude Code — the plugin is active immediately                   
    2. Verify with: claude plugin list                                          
  esc/q/enter back to dashboard                                       koi-pond  
                                                                                
═══ setup-failed ═══
                                                                                
  0  [1]  2  3  4  5                                                            
                                                                                
    Setup — Install Agent Plugin                                                
                                                                                
  ──────────────────────────────                                                
                                                                                
     ✗ Installation failed: network unreachable                                 
  esc/q/enter back to dashboard                                       koi-pond  
                                                                                
═══ cloud-settings ═══
                                                                                
  0  1  2  3  4  [5]                                                            
                                                                                
    Cloud sync settings                                                         
                                                                                
  ─────────────────────                                                         
                                                                                
                                                                                
      Configure server                                                          
      View status                                                               
   ▸ Enroll projects                                                            
      Back                                                                      
  j/k navigate • enter select • esc/q back                            koi-pond  
                                                                                
═══ unknown-screen ═══
                                                                                
  0  [1]  2  3  4  5                                                            
                                                                                
  Unknown screen                                                                
  j/k navigate • enter select • s search • q quit                     koi-pond  
                                                                                
