═══ dashboard-loading ═══
                                                                                
  [⌂0]  ≣1  ✓2  ▪3  ∿4  ▤5  ⋈6  ⌘7                                              
                                                                                
                                                                                
    No project is active. Press ctrl+p to pick one.                             
  j/k move block • g/G top/bottom • enter open block • s sync graph   koi-pond  
                                                                                
═══ dashboard ═══
                                                                                
  [⌂0]  ≣1  ✓2  ▪3  ∿4  ▤5  ⋈6  ⌘7                                              
                                                                                
                                                                                
    No project is active. Press ctrl+p to pick one.                             
  j/k move block • g/G top/bottom • enter open block • s sync graph   koi-pond  
                                                                                
═══ dashboard-update-available ═══
                                                                                
  [⌂0]  ≣1  ✓2  ▪3  ∿4  ▤5  ⋈6  ⌘7                                              
                                                                                
                                                                                
    No project is active. Press ctrl+p to pick one.                             
  j/k move block • g/G top/bottom • enter open block • s sync graph   koi-pond  
                                                                                
═══ dashboard-update-failed ═══
                                                                                
  [⌂0]  ≣1  ✓2  ▪3  ∿4  ▤5  ⋈6  ⌘7                                              
                                                                                
                                                                                
    No project is active. Press ctrl+p to pick one.                             
  j/k move block • g/G top/bottom • enter open block • s sync graph   koi-pond  
                                                                                
═══ dashboard-with-error ═══
                                                                                
  [⌂0]  ≣1  ✓2  ▪3  ∿4  ▤5  ⋈6  ⌘7                                              
                                                                                
                                                                                
    No project is active. Press ctrl+p to pick one.                             
  j/k move block • g/G top/bottom • enter open block • s sync graph   koi-pond  
                                                                                
═══ search-empty-input ═══
                                                                                
  [⌂0]  ≣1  ✓2  ▪3  ∿4  ▤5  ⋈6  ⌘7                                              
                                                                                
                                                                                
    No project is active. Press ctrl+p to pick one.                             
  j/k move block • g/G top/bottom • enter open block • s sync graph   koi-pond  
                                                                                
═══ search-typed-query ═══
                                                                                
  [⌂0]  ≣1  ✓2  ▪3  ∿4  ▤5  ⋈6  ⌘7                                              
                                                                                
                                                                                
    No project is active. Press ctrl+p to pick one.                             
  j/k move block • g/G top/bottom • enter open block • s sync graph   koi-pond  
                                                                                
═══ search-results ═══
                                                                                
  [⌂0]  ≣1  ✓2  ▪3  ∿4  ▤5  ⋈6  ⌘7                                              
                                                                                
                                                                                
    No project is active. Press ctrl+p to pick one.                             
  j/k move block • g/G top/bottom • enter open block • s sync graph   koi-pond  
                                                                                
═══ search-results-scrolled ═══
                                                                                
  [⌂0]  ≣1  ✓2  ▪3  ∿4  ▤5  ⋈6  ⌘7                                              
                                                                                
                                                                                
    No project is active. Press ctrl+p to pick one.                             
  j/k move block • g/G top/bottom • enter open block • s sync graph   koi-pond  
                                                                                
═══ search-results-empty ═══
                                                                                
  [⌂0]  ≣1  ✓2  ▪3  ∿4  ▤5  ⋈6  ⌘7                                              
                                                                                
                                                                                
    No project is active. Press ctrl+p to pick one.                             
  j/k move block • g/G top/bottom • enter open block • s sync graph   koi-pond  
                                                                                
═══ recent ═══
                                                                                
  [⌂0]  ≣1  ✓2  ▪3  ∿4  ▤5  ⋈6  ⌘7                                              
                                                                                
                                                                                
    No project is active. Press ctrl+p to pick one.                             
  j/k move block • g/G top/bottom • enter open block • s sync graph   koi-pond  
                                                                                
═══ recent-empty ═══
                                                                                
  [⌂0]  ≣1  ✓2  ▪3  ∿4  ▤5  ⋈6  ⌘7                                              
                                                                                
                                                                                
    No project is active. Press ctrl+p to pick one.                             
  j/k move block • g/G top/bottom • enter open block • s sync graph   koi-pond  
                                                                                
═══ recent-copy-feedback ═══
                                                                                
  [⌂0]  ≣1  ✓2  ▪3  ∿4  ▤5  ⋈6  ⌘7                                              
                                                                                
                                                                                
    No project is active. Press ctrl+p to pick one.                             
  j/k move block • g/G top/bottom • enter open block • s sync graph   koi-pond  
                                                                                
═══ observation-detail-loading ═══
                                                                                
  [⌂0]  ≣1  ✓2  ▪3  ∿4  ▤5  ⋈6  ⌘7                                              
                                                                                
                                                                                
    No project is active. Press ctrl+p to pick one.                             
  j/k move block • g/G top/bottom • enter open block • s sync graph   koi-pond  
                                                                                
═══ observation-detail ═══
                                                                                
  [⌂0]  ≣1  ✓2  ▪3  ∿4  ▤5  ⋈6  ⌘7                                              
                                                                                
                                                                                
    No project is active. Press ctrl+p to pick one.                             
  j/k move block • g/G top/bottom • enter open block • s sync graph   koi-pond  
                                                                                
═══ observation-detail-scrolled ═══
                                                                                
  [⌂0]  ≣1  ✓2  ▪3  ∿4  ▤5  ⋈6  ⌘7                                              
                                                                                
                                                                                
    No project is active. Press ctrl+p to pick one.                             
  j/k move block • g/G top/bottom • enter open block • s sync graph   koi-pond  
                                                                                
═══ timeline-loading ═══
                                                                                
  [⌂0]  ≣1  ✓2  ▪3  ∿4  ▤5  ⋈6  ⌘7                                              
                                                                                
                                                                                
    No project is active. Press ctrl+p to pick one.                             
  j/k move block • g/G top/bottom • enter open block • s sync graph   koi-pond  
                                                                                
═══ timeline ═══
                                                                                
  [⌂0]  ≣1  ✓2  ▪3  ∿4  ▤5  ⋈6  ⌘7                                              
                                                                                
                                                                                
    No project is active. Press ctrl+p to pick one.                             
  j/k move block • g/G top/bottom • enter open block • s sync graph   koi-pond  
                                                                                
═══ sessions ═══
                                                                                
  [⌂0]  ≣1  ✓2  ▪3  ∿4  ▤5  ⋈6  ⌘7                                              
                                                                                
                                                                                
    No project is active. Press ctrl+p to pick one.                             
  j/k move block • g/G top/bottom • enter open block • s sync graph   koi-pond  
                                                                                
═══ sessions-empty ═══
                                                                                
  [⌂0]  ≣1  ✓2  ▪3  ∿4  ▤5  ⋈6  ⌘7                                              
                                                                                
                                                                                
    No project is active. Press ctrl+p to pick one.                             
  j/k move block • g/G top/bottom • enter open block • s sync graph   koi-pond  
                                                                                
═══ sessions-delete-prompt ═══
                                                                                
  [⌂0]  ≣1  ✓2  ▪3  ∿4  ▤5  ⋈6  ⌘7                                              
                                                                                
                                                                                
    No project is active. Press ctrl+p to pick one.                             
  j/k move block • g/G top/bottom • enter open block • s sync graph   koi-pond  
                                                                                
═══ sessions-deleting ═══
                                                                                
  [⌂0]  ≣1  ✓2  ▪3  ∿4  ▤5  ⋈6  ⌘7                                              
                                                                                
                                                                                
    No project is active. Press ctrl+p to pick one.                             
  j/k move block • g/G top/bottom • enter open block • s sync graph   koi-pond  
                                                                                
═══ session-detail ═══
                                                                                
  [⌂0]  ≣1  ✓2  ▪3  ∿4  ▤5  ⋈6  ⌘7                                              
                                                                                
                                                                                
    No project is active. Press ctrl+p to pick one.                             
  j/k move block • g/G top/bottom • enter open block • s sync graph   koi-pond  
                                                                                
═══ session-detail-empty ═══
                                                                                
  [⌂0]  ≣1  ✓2  ▪3  ∿4  ▤5  ⋈6  ⌘7                                              
                                                                                
                                                                                
    No project is active. Press ctrl+p to pick one.                             
  j/k move block • g/G top/bottom • enter open block • s sync graph   koi-pond  
                                                                                
═══ session-detail-not-found ═══
                                                                                
  [⌂0]  ≣1  ✓2  ▪3  ∿4  ▤5  ⋈6  ⌘7                                              
                                                                                
                                                                                
    No project is active. Press ctrl+p to pick one.                             
  j/k move block • g/G top/bottom • enter open block • s sync graph   koi-pond  
                                                                                
═══ setup-select ═══
                                                                                
  [⌂0]  ≣1  ✓2  ▪3  ∿4  ▤5  ⋈6  ⌘7                                              
                                                                                
                                                                                
    No project is active. Press ctrl+p to pick one.                             
  j/k move block • g/G top/bottom • enter open block • s sync graph   koi-pond  
                                                                                
═══ setup-installing-opencode ═══
                                                                                
  [⌂0]  ≣1  ✓2  ▪3  ∿4  ▤5  ⋈6  ⌘7                                              
                                                                                
                                                                                
    No project is active. Press ctrl+p to pick one.                             
  j/k move block • g/G top/bottom • enter open block • s sync graph   koi-pond  
                                                                                
═══ setup-installing-claude-code ═══
                                                                                
  [⌂0]  ≣1  ✓2  ▪3  ∿4  ▤5  ⋈6  ⌘7                                              
                                                                                
                                                                                
    No project is active. Press ctrl+p to pick one.                             
  j/k move block • g/G top/bottom • enter open block • s sync graph   koi-pond  
                                                                                
═══ setup-allowlist-prompt ═══
                                                                                
  [⌂0]  ≣1  ✓2  ▪3  ∿4  ▤5  ⋈6  ⌘7                                              
                                                                                
                                                                                
    No project is active. Press ctrl+p to pick one.                             
  j/k move block • g/G top/bottom • enter open block • s sync graph   koi-pond  
                                                                                
═══ setup-done-opencode ═══
                                                                                
  [⌂0]  ≣1  ✓2  ▪3  ∿4  ▤5  ⋈6  ⌘7                                              
                                                                                
                                                                                
    No project is active. Press ctrl+p to pick one.                             
  j/k move block • g/G top/bottom • enter open block • s sync graph   koi-pond  
                                                                                
═══ setup-done-claude-allowlisted ═══
                                                                                
  [⌂0]  ≣1  ✓2  ▪3  ∿4  ▤5  ⋈6  ⌘7                                              
                                                                                
                                                                                
    No project is active. Press ctrl+p to pick one.                             
  j/k move block • g/G top/bottom • enter open block • s sync graph   koi-pond  
                                                                                
═══ setup-done-claude-allowlist-error ═══
                                                                                
  [⌂0]  ≣1  ✓2  ▪3  ∿4  ▤5  ⋈6  ⌘7                                              
                                                                                
                                                                                
    No project is active. Press ctrl+p to pick one.                             
  j/k move block • g/G top/bottom • enter open block • s sync graph   koi-pond  
                                                                                
═══ setup-failed ═══
                                                                                
  [⌂0]  ≣1  ✓2  ▪3  ∿4  ▤5  ⋈6  ⌘7                                              
                                                                                
                                                                                
    No project is active. Press ctrl+p to pick one.                             
  j/k move block • g/G top/bottom • enter open block • s sync graph   koi-pond  
                                                                                
═══ settings ═══
                                                                                
  ⌂0  ≣1  ✓2  ▪3  ∿4  ▤5  ⋈6  [⌘7]                                              
                                                                                
    Settings                                                                    
                                                                                
  ──────────                                                                    
                                                                                
      theme            koi-pond                                                 
      icons            unicode                                                  
  ›  vault root       · not configured                                          
      evidence dir     /root/.clarodrive/evidence  ▲ missing                    
      cloud            sync configuration                                       
      doctor           no settings store bound                                  
  j/k navigate • g/G top/bottom • enter change • esc/q back           koi-pond  
                                                                                
═══ unknown-screen ═══
                                                                                
  [⌂0]  ≣1  ✓2  ▪3  ∿4  ▤5  ⋈6  ⌘7                                              
                                                                                
                                                                                
    No project is active. Press ctrl+p to pick one.                             
  j/k move block • g/G top/bottom • enter open block • s sync graph   koi-pond  
                                                                                
